// Jest Snapshot v1, https://goo.gl/fbAQLP

exports[`Prueba en <TodoListItem /> debe mostrarse correctamente 1`] = `
<li
  className="list-group-item"
>
  <p
    className="undefined"
    onClick={[Function]}
  >
    [object Object]1
    . 
  </p>
  <button
    className="btn btn-danger"
    onClick={[Function]}
  >
    Borrar
  </button>
</li>
`;
