// Jest Snapshot v1, https://goo.gl/fbAQLP

exports[`Prueba en <HomeScreen /> debe mostrarse correctamente 1`] = `
<div>
  <h1>
    Home Screen
  </h1>
  <hr />
  <pre>
    {
   "name": "Matias",
   "email": "mail@mail.com"
}
  </pre>
</div>
`;
